; Copyright 2021 Paul Maddern (paul@arcadegeek.co.uk)

[Fact:medium:Medium article by Aaron A. Reed]
<a href="https://if50.substack.com/p/1982-the-hobbit">1982: The Hobbit</a>

[Fact:retrogamer:retroGamer.net]
<a href="https://www.retrogamer.net/retro_games80/the-making-of-the-hobbit/">The Making Of The Hobbit</a>

[Fact:antiquarian:The Digital Antiquarian]
<a href="https://www.filfre.net/2012/11/the-hobbit/">The Digital Antiquarian</a>

[Fact:register:The Register]
<a href="https://www.theregister.com/2012/11/18/hobbit_author_veronika_megler_reminisces/">Author of '80s classic The Hobbit didn't know game was a hit</a>

[Fact:again:Play It Again]
<a href="http://www.ourdigitalheritage.org/archive/playitagain/creators/philip-mitchell/">Philip Mitchell</a>

[Fact:tolkiengateway:Tolkien Gateway]
<ul>
  <li><a href="http://tolkiengateway.net/wiki/Philip_Mitchell">Philip Mitchell</a></li>
  <li><a href="http://tolkiengateway.net/wiki/Veronika_Megler">Veronika Megler</a></li>
</ul>
